{
  "targetUrl": "http://127.0.0.1:3000/research",
  "durationMs": 3000,
  "generatedAt": "2026-08-26T18:39:36.141Z",
  "results": [
    {
      "engine": "chromium",
      "state": "idle",
      "frames": 360,
      "meanFrameMs": 8.33,
      "p95FrameMs": 9,
      "estimatedFps": 120,
      "droppedFramePct": 0,
      "longTaskCount": 0,
      "maxLongTaskMs": 0
    },
    {
      "engine": "chromium",
      "state": "thinking",
      "frames": 360,
      "meanFrameMs": 8.33,
      "p95FrameMs": 9,
      "estimatedFps": 120,
      "droppedFramePct": 0,
      "longTaskCount": 0,
      "maxLongTaskMs": 0
    },
    {
      "engine": "chromium",
      "state": "speaking",
      "frames": 360,
      "meanFrameMs": 8.32,
      "p95FrameMs": 9.3,
      "estimatedFps": 120.16,
      "droppedFramePct": 0,
      "longTaskCount": 0,
      "maxLongTaskMs": 0
    },
    {
      "engine": "chromium",
      "state": "success",
      "frames": 360,
      "meanFrameMs": 8.33,
      "p95FrameMs": 9,
      "estimatedFps": 120,
      "droppedFramePct": 0,
      "longTaskCount": 0,
      "maxLongTaskMs": 0
    },
    {
      "engine": "firefox",
      "state": "idle",
      "frames": 290,
      "meanFrameMs": 10.38,
      "p95FrameMs": 17.04,
      "estimatedFps": 96.38,
      "droppedFramePct": 2.76,
      "longTaskCount": 0,
      "maxLongTaskMs": 0
    },
    {
      "engine": "firefox",
      "state": "thinking",
      "frames": 271,
      "meanFrameMs": 11.07,
      "p95FrameMs": 25,
      "estimatedFps": 90.33,
      "droppedFramePct": 9.23,
      "longTaskCount": 0,
      "maxLongTaskMs": 0
    },
    {
      "engine": "firefox",
      "state": "speaking",
      "frames": 281,
      "meanFrameMs": 10.68,
      "p95FrameMs": 25,
      "estimatedFps": 93.67,
      "droppedFramePct": 7.83,
      "longTaskCount": 0,
      "maxLongTaskMs": 0
    },
    {
      "engine": "firefox",
      "state": "success",
      "frames": 307,
      "meanFrameMs": 9.77,
      "p95FrameMs": 16.7,
      "estimatedFps": 102.33,
      "droppedFramePct": 2.61,
      "longTaskCount": 0,
      "maxLongTaskMs": 0
    },
    {
      "engine": "webkit",
      "state": "idle",
      "frames": 181,
      "meanFrameMs": 16.66,
      "p95FrameMs": 18,
      "estimatedFps": 60.03,
      "droppedFramePct": 0,
      "longTaskCount": 0,
      "maxLongTaskMs": 0
    },
    {
      "engine": "webkit",
      "state": "thinking",
      "frames": 180,
      "meanFrameMs": 16.67,
      "p95FrameMs": 18,
      "estimatedFps": 60,
      "droppedFramePct": 0,
      "longTaskCount": 0,
      "maxLongTaskMs": 0
    },
    {
      "engine": "webkit",
      "state": "speaking",
      "frames": 180,
      "meanFrameMs": 16.67,
      "p95FrameMs": 18,
      "estimatedFps": 60,
      "droppedFramePct": 0,
      "longTaskCount": 0,
      "maxLongTaskMs": 0
    },
    {
      "engine": "webkit",
      "state": "success",
      "frames": 180,
      "meanFrameMs": 16.67,
      "p95FrameMs": 19,
      "estimatedFps": 60,
      "droppedFramePct": 1.11,
      "longTaskCount": 0,
      "maxLongTaskMs": 0
    }
  ]
}
